Unknown vendor: "gfortran"
running build
running config_cc
INFO: unifing config_cc, config, build_clib, build_ext, build commands --compiler options
running config_fc
INFO: unifing config_fc, config, build_clib, build_ext, build commands --fcompiler options
running build_src
INFO: build_src
INFO: building extension "fortranmod" sources
INFO: f2py options: []
INFO: f2py:> /tmp/tmprjtc413s/src.linux-x86_64-3.10/fortranmodmodule.c
creating /tmp/tmprjtc413s/src.linux-x86_64-3.10
Reading fortran codes...
	Reading file 'module_bi_analysis_BD.f90' (format:free)
Post-processing...
	Block: fortranmod
			Block: coordination_number
			Block: msd_calculation
			Block: edgelist_calc
			Block: void_size_calculation
				Block: init_random_seed
				Block: void_size_calc
				Block: init_list
				Block: list_cell_i
				Block: link_list
				Block: check_list
				Block: finalize_list
				Block: fun
				Block: func
				Block: deallocate_arrays
Applying post-processing hooks...
  character_backward_compatibility_hook
Post-processing (stage 2)...
	Block: fortranmod
		Block: unknown_interface
			Block: coordination_number
			Block: msd_calculation
			Block: edgelist_calc
			Block: void_size_calculation
				Block: init_random_seed
				Block: void_size_calc
				Block: init_list
				Block: list_cell_i
				Block: link_list
				Block: check_list
				Block: finalize_list
				Block: fun
				Block: func
				Block: deallocate_arrays
Building modules...
    Building module "fortranmod"...
    Generating possibly empty wrappers"
    Maybe empty "fortranmod-f2pywrappers.f"
        Constructing wrapper function "coordination_number"...
          zs_array = coordination_number(nframes,lbox,ncolloids,typeid,r_c,m_xys,allpos_allframe,cut_off,npairs,n_allcombos,pairs)
    Generating possibly empty wrappers"
    Maybe empty "fortranmod-f2pywrappers.f"
        Constructing wrapper function "msd_calculation"...
          msd_calculation(data_outpath,nframes,ncolloids,ncolloid1,ncolloid2,allcollpos,allcollpos1,allcollpos2)
    Generating possibly empty wrappers"
    Maybe empty "fortranmod-f2pywrappers.f"
        Constructing wrapper function "edgelist_calc"...
          edgelist_calc(nframes,ncolloids,radii,allpos,lbox,rcut,edge_output)
		Constructing F90 module support for "void_size_calculation"...
		  Variables: ncolloid nframes framechoice rxi ryi rzi box_length radii box_size inv_box_size rp rpos dcell_init tot_cell ncell dcell head list colloid_id
getarrdims:warning: assumed shape array, using 0 instead of ':'
getarrdims:warning: assumed shape array, using 0 instead of ':'
getarrdims:warning: assumed shape array, using 0 instead of ':'
getarrdims:warning: assumed shape array, using 0 instead of ':'
getarrdims:warning: assumed shape array, using 0 instead of ':'
getarrdims:warning: assumed shape array, using 0 instead of ':'
getarrdims:warning: assumed shape array, using 0 instead of ':'
getarrdims:warning: assumed shape array, using 0 instead of ':'
getarrdims:warning: assumed shape array, using 0 instead of ':'
getarrdims:warning: assumed shape array, using 0 instead of ':'
getarrdims:warning: assumed shape array, using 0 instead of ':'
getarrdims:warning: assumed shape array, using 0 instead of ':'
getarrdims:warning: assumed shape array, using 0 instead of ':'
getarrdims:warning: assumed shape array, using 0 instead of ':'
getarrdims:warning: assumed shape array, using 0 instead of ':'
getarrdims:warning: assumed shape array, using 0 instead of ':'
getarrdims:warning: assumed shape array, using 0 instead of ':'
getarrdims:warning: assumed shape array, using 0 instead of ':'
            Constructing wrapper function "void_size_calculation.init_random_seed"...
              init_random_seed()
            Constructing wrapper function "void_size_calculation.void_size_calc"...
              void_size_calc(data_outpath,pop_type,ncolloids_py,nframes_py,framechoice_py,nprobe,rhs_py,dcell_init_py,rxi_py,ryi_py,rzi_py,box_length_py)
            Constructing wrapper function "void_size_calculation.init_list"...
              init_list()
            Constructing wrapper function "void_size_calculation.list_cell_i"...
              cell_i = list_cell_i(ri)
            Constructing wrapper function "void_size_calculation.link_list"...
              link_list()
            Constructing wrapper function "void_size_calculation.check_list"...
              check_list()
            Constructing wrapper function "void_size_calculation.finalize_list"...
              finalize_list()
            Constructing wrapper function "void_size_calculation.fun"...
              f = fun(rin)
            Constructing wrapper function "void_size_calculation.func"...
              f = func(rin)
            Constructing wrapper function "void_size_calculation.deallocate_arrays"...
              deallocate_arrays()
    Wrote C/API module "fortranmod" to file "/tmp/tmprjtc413s/src.linux-x86_64-3.10/fortranmodmodule.c"
    Fortran 90 wrappers are saved to "/tmp/tmprjtc413s/src.linux-x86_64-3.10/fortranmod-f2pywrappers2.f90"
INFO:   adding '/tmp/tmprjtc413s/src.linux-x86_64-3.10/fortranobject.c' to sources.
INFO:   adding '/tmp/tmprjtc413s/src.linux-x86_64-3.10' to include_dirs.
copying /projects/props/Rob/software/hoomd4.2.1-mod/hoomdmod4.2.1-venv/lib/python3.10/site-packages/numpy/f2py/src/fortranobject.c -> /tmp/tmprjtc413s/src.linux-x86_64-3.10
copying /projects/props/Rob/software/hoomd4.2.1-mod/hoomdmod4.2.1-venv/lib/python3.10/site-packages/numpy/f2py/src/fortranobject.h -> /tmp/tmprjtc413s/src.linux-x86_64-3.10
INFO:   adding '/tmp/tmprjtc413s/src.linux-x86_64-3.10/fortranmod-f2pywrappers.f' to sources.
INFO:   adding '/tmp/tmprjtc413s/src.linux-x86_64-3.10/fortranmod-f2pywrappers2.f90' to sources.
INFO: build_src: building npy-pkg config files
running build_ext
INFO: customize UnixCCompiler
INFO: customize UnixCCompiler using build_ext
INFO: customize Gnu95FCompiler
INFO: Found executable /usr/bin/gfortran
INFO: customize Gnu95FCompiler using build_ext
INFO: building 'fortranmod' extension
INFO: compiling C sources
INFO: C compiler: gcc -pthread -B /shared/EL9/explorer/miniconda3/24.11.1/miniconda3/compiler_compat -Wno-unused-result -Wsign-compare -DNDEBUG -fwrapv -O2 -Wall -fPIC -O2 -isystem /shared/EL9/explorer/miniconda3/24.11.1/miniconda3/include -fPIC -O2 -isystem /shared/EL9/explorer/miniconda3/24.11.1/miniconda3/include -fPIC

creating /tmp/tmprjtc413s/tmp
creating /tmp/tmprjtc413s/tmp/tmprjtc413s
creating /tmp/tmprjtc413s/tmp/tmprjtc413s/src.linux-x86_64-3.10
INFO: compile options: '-DNPY_DISABLE_OPTIMIZATION=1 -I. -I/tmp/tmprjtc413s/src.linux-x86_64-3.10 -I/projects/props/Rob/software/hoomd4.2.1-mod/hoomdmod4.2.1-venv/lib/python3.10/site-packages/numpy/core/include -I/projects/props/Rob/software/hoomd4.2.1-mod/hoomdmod4.2.1-venv/include -I/shared/EL9/explorer/miniconda3/24.11.1/miniconda3/include/python3.10 -c'
INFO: gcc: /tmp/tmprjtc413s/src.linux-x86_64-3.10/fortranmodmodule.c
INFO: gcc: /tmp/tmprjtc413s/src.linux-x86_64-3.10/fortranobject.c
INFO: compiling Fortran 90 module sources
INFO: Fortran f77 compiler: /usr/bin/gfortran -Wall -g -ffixed-form -fno-second-underscore -fPIC -O3 -funroll-loops
Fortran f90 compiler: /usr/bin/gfortran -Wall -g -fno-second-underscore -fPIC -O3 -funroll-loops
Fortran fix compiler: /usr/bin/gfortran -Wall -g -ffixed-form -fno-second-underscore -Wall -g -fno-second-underscore -fPIC -O3 -funroll-loops
INFO: compile options: '-I. -I/tmp/tmprjtc413s/src.linux-x86_64-3.10 -I/projects/props/Rob/software/hoomd4.2.1-mod/hoomdmod4.2.1-venv/lib/python3.10/site-packages/numpy/core/include -I/projects/props/Rob/software/hoomd4.2.1-mod/hoomdmod4.2.1-venv/include -I/shared/EL9/explorer/miniconda3/24.11.1/miniconda3/include/python3.10 -c'
extra options: '-J/tmp/tmprjtc413s/ -I/tmp/tmprjtc413s/'
INFO: gfortran:f90: module_bi_analysis_BD.f90
INFO: compiling Fortran sources
INFO: Fortran f77 compiler: /usr/bin/gfortran -Wall -g -ffixed-form -fno-second-underscore -fPIC -O3 -funroll-loops
Fortran f90 compiler: /usr/bin/gfortran -Wall -g -fno-second-underscore -fPIC -O3 -funroll-loops
Fortran fix compiler: /usr/bin/gfortran -Wall -g -ffixed-form -fno-second-underscore -Wall -g -fno-second-underscore -fPIC -O3 -funroll-loops
INFO: compile options: '-I. -I/tmp/tmprjtc413s/src.linux-x86_64-3.10 -I/projects/props/Rob/software/hoomd4.2.1-mod/hoomdmod4.2.1-venv/lib/python3.10/site-packages/numpy/core/include -I/projects/props/Rob/software/hoomd4.2.1-mod/hoomdmod4.2.1-venv/include -I/shared/EL9/explorer/miniconda3/24.11.1/miniconda3/include/python3.10 -c'
extra options: '-J/tmp/tmprjtc413s/ -I/tmp/tmprjtc413s/'
INFO: gfortran:f90: /tmp/tmprjtc413s/src.linux-x86_64-3.10/fortranmod-f2pywrappers2.f90
INFO: gfortran:f77: /tmp/tmprjtc413s/src.linux-x86_64-3.10/fortranmod-f2pywrappers.f
INFO: /usr/bin/gfortran -Wall -g -Wall -g -shared /tmp/tmprjtc413s/tmp/tmprjtc413s/src.linux-x86_64-3.10/fortranmodmodule.o /tmp/tmprjtc413s/tmp/tmprjtc413s/src.linux-x86_64-3.10/fortranobject.o /tmp/tmprjtc413s/module_bi_analysis_BD.o /tmp/tmprjtc413s/tmp/tmprjtc413s/src.linux-x86_64-3.10/fortranmod-f2pywrappers.o /tmp/tmprjtc413s/tmp/tmprjtc413s/src.linux-x86_64-3.10/fortranmod-f2pywrappers2.o solvopt.o -L/usr/lib/gcc/x86_64-redhat-linux/11 -L/usr/lib/gcc/x86_64-redhat-linux/11 -lgfortran -o ./fortranmod.cpython-310-x86_64-linux-gnu.so
Removing build directory /tmp/tmprjtc413s
