/projects/props/Rob/software/hoomd4.2.1-mod/hoomdmod4.2.1-venv/lib/python3.10/site-packages/setuptools/command/install.py:34: SetuptoolsDeprecationWarning: setup.py install is deprecated. Use build and pip and other standards-based tools.
  warnings.warn(
/tmp/tmprjtc413s/src.linux-x86_64-3.10/fortranmodmodule.c: In function ‘f2py_setup_void_size_calculation’:
/tmp/tmprjtc413s/src.linux-x86_64-3.10/fortranmodmodule.c:1939:49: warning: assignment to ‘f2py_init_func’ {aka ‘void (*)(int *, long int *, void (*)(char *, long int *), int *)’} from incompatible pointer type ‘void (*)(int *, int *, void (*)(char *, int *), int *)’ [-Wincompatible-pointer-types]
 1939 |   f2py_void_size_calculation_def[i_f2py++].func = framechoice;
      |                                                 ^
/tmp/tmprjtc413s/src.linux-x86_64-3.10/fortranmodmodule.c:1940:49: warning: assignment to ‘f2py_init_func’ {aka ‘void (*)(int *, long int *, void (*)(char *, long int *), int *)’} from incompatible pointer type ‘void (*)(int *, int *, void (*)(char *, int *), int *)’ [-Wincompatible-pointer-types]
 1940 |   f2py_void_size_calculation_def[i_f2py++].func = rxi;
      |                                                 ^
/tmp/tmprjtc413s/src.linux-x86_64-3.10/fortranmodmodule.c:1941:49: warning: assignment to ‘f2py_init_func’ {aka ‘void (*)(int *, long int *, void (*)(char *, long int *), int *)’} from incompatible pointer type ‘void (*)(int *, int *, void (*)(char *, int *), int *)’ [-Wincompatible-pointer-types]
 1941 |   f2py_void_size_calculation_def[i_f2py++].func = ryi;
      |                                                 ^
/tmp/tmprjtc413s/src.linux-x86_64-3.10/fortranmodmodule.c:1942:49: warning: assignment to ‘f2py_init_func’ {aka ‘void (*)(int *, long int *, void (*)(char *, long int *), int *)’} from incompatible pointer type ‘void (*)(int *, int *, void (*)(char *, int *), int *)’ [-Wincompatible-pointer-types]
 1942 |   f2py_void_size_calculation_def[i_f2py++].func = rzi;
      |                                                 ^
/tmp/tmprjtc413s/src.linux-x86_64-3.10/fortranmodmodule.c:1943:49: warning: assignment to ‘f2py_init_func’ {aka ‘void (*)(int *, long int *, void (*)(char *, long int *), int *)’} from incompatible pointer type ‘void (*)(int *, int *, void (*)(char *, int *), int *)’ [-Wincompatible-pointer-types]
 1943 |   f2py_void_size_calculation_def[i_f2py++].func = box_length;
      |                                                 ^
/tmp/tmprjtc413s/src.linux-x86_64-3.10/fortranmodmodule.c:1944:49: warning: assignment to ‘f2py_init_func’ {aka ‘void (*)(int *, long int *, void (*)(char *, long int *), int *)’} from incompatible pointer type ‘void (*)(int *, int *, void (*)(char *, int *), int *)’ [-Wincompatible-pointer-types]
 1944 |   f2py_void_size_calculation_def[i_f2py++].func = radii;
      |                                                 ^
/tmp/tmprjtc413s/src.linux-x86_64-3.10/fortranmodmodule.c:1948:49: warning: assignment to ‘f2py_init_func’ {aka ‘void (*)(int *, long int *, void (*)(char *, long int *), int *)’} from incompatible pointer type ‘void (*)(int *, int *, void (*)(char *, int *), int *)’ [-Wincompatible-pointer-types]
 1948 |   f2py_void_size_calculation_def[i_f2py++].func = rpos;
      |                                                 ^
/tmp/tmprjtc413s/src.linux-x86_64-3.10/fortranmodmodule.c:1953:49: warning: assignment to ‘f2py_init_func’ {aka ‘void (*)(int *, long int *, void (*)(char *, long int *), int *)’} from incompatible pointer type ‘void (*)(int *, int *, void (*)(char *, int *), int *)’ [-Wincompatible-pointer-types]
 1953 |   f2py_void_size_calculation_def[i_f2py++].func = head;
      |                                                 ^
/tmp/tmprjtc413s/src.linux-x86_64-3.10/fortranmodmodule.c:1954:49: warning: assignment to ‘f2py_init_func’ {aka ‘void (*)(int *, long int *, void (*)(char *, long int *), int *)’} from incompatible pointer type ‘void (*)(int *, int *, void (*)(char *, int *), int *)’ [-Wincompatible-pointer-types]
 1954 |   f2py_void_size_calculation_def[i_f2py++].func = list;
      |                                                 ^
/tmp/tmprjtc413s/src.linux-x86_64-3.10/fortranmodmodule.c:1955:49: warning: assignment to ‘f2py_init_func’ {aka ‘void (*)(int *, long int *, void (*)(char *, long int *), int *)’} from incompatible pointer type ‘void (*)(int *, int *, void (*)(char *, int *), int *)’ [-Wincompatible-pointer-types]
 1955 |   f2py_void_size_calculation_def[i_f2py++].func = colloid_id;
      |                                                 ^
/tmp/tmprjtc413s/src.linux-x86_64-3.10/fortranmod-f2pywrappers2.f90:317:10:

  317 |       use void_size_calculation, only : ncolloid
      |          1
Warning: Unused module variable ‘box_length’ which has been explicitly imported at (1) [-Wunused-variable]
/tmp/tmprjtc413s/src.linux-x86_64-3.10/fortranmod-f2pywrappers2.f90:317:10:

  317 |       use void_size_calculation, only : ncolloid
      |          1
Warning: Unused module variable ‘colloid_id’ which has been explicitly imported at (1) [-Wunused-variable]
/tmp/tmprjtc413s/src.linux-x86_64-3.10/fortranmod-f2pywrappers2.f90:317:10:

  317 |       use void_size_calculation, only : ncolloid
      |          1
Warning: Unused module variable ‘framechoice’ which has been explicitly imported at (1) [-Wunused-variable]
/tmp/tmprjtc413s/src.linux-x86_64-3.10/fortranmod-f2pywrappers2.f90:317:10:

  317 |       use void_size_calculation, only : ncolloid
      |          1
Warning: Unused module variable ‘head’ which has been explicitly imported at (1) [-Wunused-variable]
/tmp/tmprjtc413s/src.linux-x86_64-3.10/fortranmod-f2pywrappers2.f90:317:10:

  317 |       use void_size_calculation, only : ncolloid
      |          1
Warning: Unused module variable ‘list’ which has been explicitly imported at (1) [-Wunused-variable]
/tmp/tmprjtc413s/src.linux-x86_64-3.10/fortranmod-f2pywrappers2.f90:317:10:

  317 |       use void_size_calculation, only : ncolloid
      |          1
Warning: Unused module variable ‘radii’ which has been explicitly imported at (1) [-Wunused-variable]
/tmp/tmprjtc413s/src.linux-x86_64-3.10/fortranmod-f2pywrappers2.f90:317:10:

  317 |       use void_size_calculation, only : ncolloid
      |          1
Warning: Unused module variable ‘rpos’ which has been explicitly imported at (1) [-Wunused-variable]
/tmp/tmprjtc413s/src.linux-x86_64-3.10/fortranmod-f2pywrappers2.f90:317:10:

  317 |       use void_size_calculation, only : ncolloid
      |          1
Warning: Unused module variable ‘rxi’ which has been explicitly imported at (1) [-Wunused-variable]
/tmp/tmprjtc413s/src.linux-x86_64-3.10/fortranmod-f2pywrappers2.f90:317:10:

  317 |       use void_size_calculation, only : ncolloid
      |          1
Warning: Unused module variable ‘ryi’ which has been explicitly imported at (1) [-Wunused-variable]
/tmp/tmprjtc413s/src.linux-x86_64-3.10/fortranmod-f2pywrappers2.f90:317:10:

  317 |       use void_size_calculation, only : ncolloid
      |          1
Warning: Unused module variable ‘rzi’ which has been explicitly imported at (1) [-Wunused-variable]
